// Jest Snapshot v1, https://goo.gl/fbAQLP

exports[`Canvas PPM conversion 1`] = `
"P3
4 3
255
255 25 0 255 25 0 255 25 0 255 25 0 255 25 0 255 25 0 255 25 0 255 25 0 255 25 0 255 25 0
255 25 0 255 25 0
"
`;
