// Jest Snapshot v1, https://goo.gl/fbAQLP

exports[`Image writer canvas_to_ppm 1`] = `
"P3
4 3
255
255 25 0 255 25 0 255 25 0 255 25 0 255 25 0 255 25 0 255 25 0 255 25 0 255 25 0 255 25 0
255 25 0 255 25 0
"
`;
